2026-03-28T16:06:42.432-03:00  INFO 52772 --- [seguridadcalidad] [main] c.d.s.SeguridadcalidadApplicationTests   : Starting SeguridadcalidadApplicationTests using Java 21.0.9 with PID 52772 (started by cal in /Users/cal/Documents/Documentos - MacBook Air de Christian/Personal/Duoc/2026-201/cdy2203/seguridadcalidad)
2026-03-28T16:06:42.435-03:00  INFO 52772 --- [seguridadcalidad] [main] c.d.s.SeguridadcalidadApplicationTests   : No active profile set, falling back to 1 default profile: "default"
2026-03-28T16:06:42.863-03:00  INFO 52772 --- [seguridadcalidad] [main] r$InitializeUserDetailsManagerConfigurer : Global AuthenticationManager configured with UserDetailsService bean with name users
2026-03-28T16:06:43.021-03:00  INFO 52772 --- [seguridadcalidad] [main] c.d.s.SeguridadcalidadApplicationTests   : Started SeguridadcalidadApplicationTests in 0.703 seconds (process running for 1.121)
2026-03-28T16:09:16.464-03:00  INFO 66566 --- [seguridadcalidad] [main] c.d.s.InvoiceControllerTests             : Starting InvoiceControllerTests using Java 21.0.9 with PID 66566 (started by cal in /Users/cal/Documents/Documentos - MacBook Air de Christian/Personal/Duoc/2026-201/cdy2203/seguridadcalidad)
2026-03-28T16:09:16.465-03:00  INFO 66566 --- [seguridadcalidad] [main] c.d.s.InvoiceControllerTests             : No active profile set, falling back to 1 default profile: "default"
2026-03-28T16:09:17.258-03:00  INFO 66566 --- [seguridadcalidad] [main] r$InitializeUserDetailsManagerConfigurer : Global AuthenticationManager configured with UserDetailsService bean with name users
2026-03-28T16:09:17.426-03:00  INFO 66566 --- [seguridadcalidad] [main] o.s.b.t.m.w.SpringBootMockServletContext : Initializing Spring TestDispatcherServlet ''
2026-03-28T16:09:17.426-03:00  INFO 66566 --- [seguridadcalidad] [main] o.s.t.web.servlet.TestDispatcherServlet  : Initializing Servlet ''
2026-03-28T16:09:17.427-03:00  INFO 66566 --- [seguridadcalidad] [main] o.s.t.web.servlet.TestDispatcherServlet  : Completed initialization in 0 ms
2026-03-28T16:09:17.436-03:00  INFO 66566 --- [seguridadcalidad] [main] c.d.s.InvoiceControllerTests             : Started InvoiceControllerTests in 1.08 seconds (process running for 1.468)
2026-03-28T16:09:17.542-03:00  INFO 66566 --- [seguridadcalidad] [main] t.c.s.AnnotationConfigContextLoaderUtils : Could not detect default configuration classes for test class [com.duoc.seguridadcalidad.SeguridadcalidadApplicationTests]: SeguridadcalidadApplicationTests does not declare any static, non-private, non-final, nested classes annotated with @Configuration.
2026-03-28T16:09:17.543-03:00  INFO 66566 --- [seguridadcalidad] [main] .b.t.c.SpringBootTestContextBootstrapper : Found @SpringBootConfiguration com.duoc.seguridadcalidad.SeguridadcalidadApplication for test class com.duoc.seguridadcalidad.SeguridadcalidadApplicationTests
2026-03-28T16:09:17.556-03:00  INFO 66566 --- [seguridadcalidad] [main] c.d.s.SeguridadcalidadApplicationTests   : Starting SeguridadcalidadApplicationTests using Java 21.0.9 with PID 66566 (started by cal in /Users/cal/Documents/Documentos - MacBook Air de Christian/Personal/Duoc/2026-201/cdy2203/seguridadcalidad)
2026-03-28T16:09:17.557-03:00  INFO 66566 --- [seguridadcalidad] [main] c.d.s.SeguridadcalidadApplicationTests   : No active profile set, falling back to 1 default profile: "default"
2026-03-28T16:09:17.748-03:00  INFO 66566 --- [seguridadcalidad] [main] r$InitializeUserDetailsManagerConfigurer : Global AuthenticationManager configured with UserDetailsService bean with name users
2026-03-28T16:09:17.783-03:00  INFO 66566 --- [seguridadcalidad] [main] c.d.s.SeguridadcalidadApplicationTests   : Started SeguridadcalidadApplicationTests in 0.238 seconds (process running for 1.815)
2026-03-28T16:14:20.678-03:00  INFO 67281 --- [seguridadcalidad] [main] c.d.s.InvoiceControllerTests             : Starting InvoiceControllerTests using Java 21.0.9 with PID 67281 (started by cal in /Users/cal/Documents/Documentos - MacBook Air de Christian/Personal/Duoc/2026-201/cdy2203/seguridadcalidad)
2026-03-28T16:14:20.679-03:00  INFO 67281 --- [seguridadcalidad] [main] c.d.s.InvoiceControllerTests             : No active profile set, falling back to 1 default profile: "default"
2026-03-28T16:14:21.494-03:00  INFO 67281 --- [seguridadcalidad] [main] r$InitializeUserDetailsManagerConfigurer : Global AuthenticationManager configured with UserDetailsService bean with name users
2026-03-28T16:14:21.660-03:00  INFO 67281 --- [seguridadcalidad] [main] o.s.b.t.m.w.SpringBootMockServletContext : Initializing Spring TestDispatcherServlet ''
2026-03-28T16:14:21.660-03:00  INFO 67281 --- [seguridadcalidad] [main] o.s.t.web.servlet.TestDispatcherServlet  : Initializing Servlet ''
2026-03-28T16:14:21.661-03:00  INFO 67281 --- [seguridadcalidad] [main] o.s.t.web.servlet.TestDispatcherServlet  : Completed initialization in 1 ms
2026-03-28T16:14:21.670-03:00  INFO 67281 --- [seguridadcalidad] [main] c.d.s.InvoiceControllerTests             : Started InvoiceControllerTests in 1.098 seconds (process running for 1.476)
2026-03-28T16:14:21.768-03:00  INFO 67281 --- [seguridadcalidad] [main] t.c.s.AnnotationConfigContextLoaderUtils : Could not detect default configuration classes for test class [com.duoc.seguridadcalidad.SeguridadcalidadApplicationTests]: SeguridadcalidadApplicationTests does not declare any static, non-private, non-final, nested classes annotated with @Configuration.
2026-03-28T16:14:21.769-03:00  INFO 67281 --- [seguridadcalidad] [main] .b.t.c.SpringBootTestContextBootstrapper : Found @SpringBootConfiguration com.duoc.seguridadcalidad.SeguridadcalidadApplication for test class com.duoc.seguridadcalidad.SeguridadcalidadApplicationTests
2026-03-28T16:14:21.784-03:00  INFO 67281 --- [seguridadcalidad] [main] c.d.s.SeguridadcalidadApplicationTests   : Starting SeguridadcalidadApplicationTests using Java 21.0.9 with PID 67281 (started by cal in /Users/cal/Documents/Documentos - MacBook Air de Christian/Personal/Duoc/2026-201/cdy2203/seguridadcalidad)
2026-03-28T16:14:21.784-03:00  INFO 67281 --- [seguridadcalidad] [main] c.d.s.SeguridadcalidadApplicationTests   : No active profile set, falling back to 1 default profile: "default"
2026-03-28T16:14:21.974-03:00  INFO 67281 --- [seguridadcalidad] [main] r$InitializeUserDetailsManagerConfigurer : Global AuthenticationManager configured with UserDetailsService bean with name users
2026-03-28T16:14:22.008-03:00  INFO 67281 --- [seguridadcalidad] [main] c.d.s.SeguridadcalidadApplicationTests   : Started SeguridadcalidadApplicationTests in 0.236 seconds (process running for 1.814)
2026-03-28T16:16:56.802-03:00  INFO 67893 --- [seguridadcalidad] [main] c.d.s.InvoiceControllerTests             : Starting InvoiceControllerTests using Java 21.0.9 with PID 67893 (started by cal in /Users/cal/Documents/Documentos - MacBook Air de Christian/Personal/Duoc/2026-201/cdy2203/seguridadcalidad)
2026-03-28T16:16:56.803-03:00  INFO 67893 --- [seguridadcalidad] [main] c.d.s.InvoiceControllerTests             : No active profile set, falling back to 1 default profile: "default"
2026-03-28T16:16:57.609-03:00  INFO 67893 --- [seguridadcalidad] [main] r$InitializeUserDetailsManagerConfigurer : Global AuthenticationManager configured with UserDetailsService bean with name users
2026-03-28T16:16:57.805-03:00  INFO 67893 --- [seguridadcalidad] [main] o.s.b.t.m.w.SpringBootMockServletContext : Initializing Spring TestDispatcherServlet ''
2026-03-28T16:16:57.806-03:00  INFO 67893 --- [seguridadcalidad] [main] o.s.t.web.servlet.TestDispatcherServlet  : Initializing Servlet ''
2026-03-28T16:16:57.806-03:00  INFO 67893 --- [seguridadcalidad] [main] o.s.t.web.servlet.TestDispatcherServlet  : Completed initialization in 0 ms
2026-03-28T16:16:57.815-03:00  INFO 67893 --- [seguridadcalidad] [main] c.d.s.InvoiceControllerTests             : Started InvoiceControllerTests in 1.117 seconds (process running for 1.549)
2026-03-28T16:16:57.915-03:00  INFO 67893 --- [seguridadcalidad] [main] t.c.s.AnnotationConfigContextLoaderUtils : Could not detect default configuration classes for test class [com.duoc.seguridadcalidad.SeguridadcalidadApplicationTests]: SeguridadcalidadApplicationTests does not declare any static, non-private, non-final, nested classes annotated with @Configuration.
2026-03-28T16:16:57.915-03:00  INFO 67893 --- [seguridadcalidad] [main] .b.t.c.SpringBootTestContextBootstrapper : Found @SpringBootConfiguration com.duoc.seguridadcalidad.SeguridadcalidadApplication for test class com.duoc.seguridadcalidad.SeguridadcalidadApplicationTests
2026-03-28T16:16:57.931-03:00  INFO 67893 --- [seguridadcalidad] [main] c.d.s.SeguridadcalidadApplicationTests   : Starting SeguridadcalidadApplicationTests using Java 21.0.9 with PID 67893 (started by cal in /Users/cal/Documents/Documentos - MacBook Air de Christian/Personal/Duoc/2026-201/cdy2203/seguridadcalidad)
2026-03-28T16:16:57.931-03:00  INFO 67893 --- [seguridadcalidad] [main] c.d.s.SeguridadcalidadApplicationTests   : No active profile set, falling back to 1 default profile: "default"
2026-03-28T16:16:58.125-03:00  INFO 67893 --- [seguridadcalidad] [main] r$InitializeUserDetailsManagerConfigurer : Global AuthenticationManager configured with UserDetailsService bean with name users
2026-03-28T16:16:58.164-03:00  INFO 67893 --- [seguridadcalidad] [main] c.d.s.SeguridadcalidadApplicationTests   : Started SeguridadcalidadApplicationTests in 0.246 seconds (process running for 1.898)
2026-03-28T16:25:40.164-03:00  INFO 69555 --- [seguridadcalidad] [main] c.d.s.InvoiceControllerTests             : Starting InvoiceControllerTests using Java 21.0.9 with PID 69555 (started by cal in /Users/cal/Documents/Documentos - MacBook Air de Christian/Personal/Duoc/2026-201/cdy2203/seguridadcalidad)
2026-03-28T16:25:40.168-03:00  INFO 69555 --- [seguridadcalidad] [main] c.d.s.InvoiceControllerTests             : No active profile set, falling back to 1 default profile: "default"
2026-03-28T16:25:40.991-03:00  INFO 69555 --- [seguridadcalidad] [main] r$InitializeUserDetailsManagerConfigurer : Global AuthenticationManager configured with UserDetailsService bean with name users
2026-03-28T16:25:41.162-03:00  INFO 69555 --- [seguridadcalidad] [main] o.s.b.t.m.w.SpringBootMockServletContext : Initializing Spring TestDispatcherServlet ''
2026-03-28T16:25:41.163-03:00  INFO 69555 --- [seguridadcalidad] [main] o.s.t.web.servlet.TestDispatcherServlet  : Initializing Servlet ''
2026-03-28T16:25:41.163-03:00  INFO 69555 --- [seguridadcalidad] [main] o.s.t.web.servlet.TestDispatcherServlet  : Completed initialization in 0 ms
2026-03-28T16:25:41.174-03:00  INFO 69555 --- [seguridadcalidad] [main] c.d.s.InvoiceControllerTests             : Started InvoiceControllerTests in 1.113 seconds (process running for 1.539)
2026-03-28T16:25:41.272-03:00  INFO 69555 --- [seguridadcalidad] [main] t.c.s.AnnotationConfigContextLoaderUtils : Could not detect default configuration classes for test class [com.duoc.seguridadcalidad.SeguridadcalidadApplicationTests]: SeguridadcalidadApplicationTests does not declare any static, non-private, non-final, nested classes annotated with @Configuration.
2026-03-28T16:25:41.273-03:00  INFO 69555 --- [seguridadcalidad] [main] .b.t.c.SpringBootTestContextBootstrapper : Found @SpringBootConfiguration com.duoc.seguridadcalidad.SeguridadcalidadApplication for test class com.duoc.seguridadcalidad.SeguridadcalidadApplicationTests
2026-03-28T16:25:41.286-03:00  INFO 69555 --- [seguridadcalidad] [main] c.d.s.SeguridadcalidadApplicationTests   : Starting SeguridadcalidadApplicationTests using Java 21.0.9 with PID 69555 (started by cal in /Users/cal/Documents/Documentos - MacBook Air de Christian/Personal/Duoc/2026-201/cdy2203/seguridadcalidad)
2026-03-28T16:25:41.287-03:00  INFO 69555 --- [seguridadcalidad] [main] c.d.s.SeguridadcalidadApplicationTests   : No active profile set, falling back to 1 default profile: "default"
2026-03-28T16:25:41.495-03:00  INFO 69555 --- [seguridadcalidad] [main] r$InitializeUserDetailsManagerConfigurer : Global AuthenticationManager configured with UserDetailsService bean with name users
2026-03-28T16:25:41.531-03:00  INFO 69555 --- [seguridadcalidad] [main] c.d.s.SeguridadcalidadApplicationTests   : Started SeguridadcalidadApplicationTests in 0.256 seconds (process running for 1.896)
2026-04-30T18:06:57.771-04:00  INFO 26968 --- [seguridadcalidad] [main] c.d.s.InvoiceControllerTests             : Starting InvoiceControllerTests using Java 21.0.7 with PID 26968 (started by Jennifer in C:\Users\Jennifer\Documents\ESTUDIOS\Seguridad\S8\Exp3_S8_Jennifer_Gonzalez\proyecto\cdy2203-2026-201-main)
2026-04-30T18:06:57.796-04:00  INFO 26968 --- [seguridadcalidad] [main] c.d.s.InvoiceControllerTests             : No active profile set, falling back to 1 default profile: "default"
2026-04-30T18:07:00.293-04:00  INFO 26968 --- [seguridadcalidad] [main] r$InitializeUserDetailsManagerConfigurer : Global AuthenticationManager configured with UserDetailsService bean with name users
2026-04-30T18:07:01.324-04:00  INFO 26968 --- [seguridadcalidad] [main] o.s.b.t.m.w.SpringBootMockServletContext : Initializing Spring TestDispatcherServlet ''
2026-04-30T18:07:01.325-04:00  INFO 26968 --- [seguridadcalidad] [main] o.s.t.web.servlet.TestDispatcherServlet  : Initializing Servlet ''
2026-04-30T18:07:01.327-04:00  INFO 26968 --- [seguridadcalidad] [main] o.s.t.web.servlet.TestDispatcherServlet  : Completed initialization in 2 ms
2026-04-30T18:07:01.400-04:00  INFO 26968 --- [seguridadcalidad] [main] c.d.s.InvoiceControllerTests             : Started InvoiceControllerTests in 4.63 seconds (process running for 12.407)
2026-04-30T18:07:02.068-04:00  INFO 26968 --- [seguridadcalidad] [main] t.c.s.AnnotationConfigContextLoaderUtils : Could not detect default configuration classes for test class [com.duoc.seguridadcalidad.SeguridadcalidadApplicationTests]: SeguridadcalidadApplicationTests does not declare any static, non-private, non-final, nested classes annotated with @Configuration.
2026-04-30T18:07:02.070-04:00  INFO 26968 --- [seguridadcalidad] [main] .b.t.c.SpringBootTestContextBootstrapper : Found @SpringBootConfiguration com.duoc.seguridadcalidad.SeguridadcalidadApplication for test class com.duoc.seguridadcalidad.SeguridadcalidadApplicationTests
2026-04-30T18:07:02.147-04:00  INFO 26968 --- [seguridadcalidad] [main] c.d.s.SeguridadcalidadApplicationTests   : Starting SeguridadcalidadApplicationTests using Java 21.0.7 with PID 26968 (started by Jennifer in C:\Users\Jennifer\Documents\ESTUDIOS\Seguridad\S8\Exp3_S8_Jennifer_Gonzalez\proyecto\cdy2203-2026-201-main)
2026-04-30T18:07:02.147-04:00  INFO 26968 --- [seguridadcalidad] [main] c.d.s.SeguridadcalidadApplicationTests   : No active profile set, falling back to 1 default profile: "default"
2026-04-30T18:07:02.727-04:00  INFO 26968 --- [seguridadcalidad] [main] r$InitializeUserDetailsManagerConfigurer : Global AuthenticationManager configured with UserDetailsService bean with name users
2026-04-30T18:07:02.885-04:00  INFO 26968 --- [seguridadcalidad] [main] c.d.s.SeguridadcalidadApplicationTests   : Started SeguridadcalidadApplicationTests in 0.803 seconds (process running for 13.892)
2026-04-30T18:20:21.534-04:00  INFO 22696 --- [seguridadcalidad] [main] c.d.s.InvoiceControllerTests             : Starting InvoiceControllerTests using Java 21.0.7 with PID 22696 (started by Jennifer in C:\Users\Jennifer\Documents\ESTUDIOS\Seguridad\S8\Exp3_S8_Jennifer_Gonzalez\proyecto\cdy2203-2026-201-main)
2026-04-30T18:20:21.539-04:00  INFO 22696 --- [seguridadcalidad] [main] c.d.s.InvoiceControllerTests             : No active profile set, falling back to 1 default profile: "default"
2026-04-30T18:20:24.105-04:00  INFO 22696 --- [seguridadcalidad] [main] r$InitializeUserDetailsManagerConfigurer : Global AuthenticationManager configured with UserDetailsService bean with name users
2026-04-30T18:20:25.168-04:00  INFO 22696 --- [seguridadcalidad] [main] o.s.b.t.m.w.SpringBootMockServletContext : Initializing Spring TestDispatcherServlet ''
2026-04-30T18:20:25.169-04:00  INFO 22696 --- [seguridadcalidad] [main] o.s.t.web.servlet.TestDispatcherServlet  : Initializing Servlet ''
2026-04-30T18:20:25.173-04:00  INFO 22696 --- [seguridadcalidad] [main] o.s.t.web.servlet.TestDispatcherServlet  : Completed initialization in 3 ms
2026-04-30T18:20:25.225-04:00  INFO 22696 --- [seguridadcalidad] [main] c.d.s.InvoiceControllerTests             : Started InvoiceControllerTests in 4.675 seconds (process running for 11.739)
2026-04-30T18:20:25.929-04:00  INFO 22696 --- [seguridadcalidad] [main] t.c.s.AnnotationConfigContextLoaderUtils : Could not detect default configuration classes for test class [com.duoc.seguridadcalidad.SeguridadcalidadApplicationTests]: SeguridadcalidadApplicationTests does not declare any static, non-private, non-final, nested classes annotated with @Configuration.
2026-04-30T18:20:25.935-04:00  INFO 22696 --- [seguridadcalidad] [main] .b.t.c.SpringBootTestContextBootstrapper : Found @SpringBootConfiguration com.duoc.seguridadcalidad.SeguridadcalidadApplication for test class com.duoc.seguridadcalidad.SeguridadcalidadApplicationTests
2026-04-30T18:20:25.937-04:00  INFO 22696 --- [seguridadcalidad] [main] t.c.s.AnnotationConfigContextLoaderUtils : Could not detect default configuration classes for test class [com.duoc.seguridadcalidad.SeguridadcalidadApplicationTests]: SeguridadcalidadApplicationTests does not declare any static, non-private, non-final, nested classes annotated with @Configuration.
2026-04-30T18:20:25.939-04:00  INFO 22696 --- [seguridadcalidad] [main] .b.t.c.SpringBootTestContextBootstrapper : Found @SpringBootConfiguration com.duoc.seguridadcalidad.SeguridadcalidadApplication for test class com.duoc.seguridadcalidad.SeguridadcalidadApplicationTests
2026-04-30T18:20:26.004-04:00  INFO 22696 --- [seguridadcalidad] [main] c.d.s.SeguridadcalidadApplicationTests   : Starting SeguridadcalidadApplicationTests using Java 21.0.7 with PID 22696 (started by Jennifer in C:\Users\Jennifer\Documents\ESTUDIOS\Seguridad\S8\Exp3_S8_Jennifer_Gonzalez\proyecto\cdy2203-2026-201-main)
2026-04-30T18:20:26.005-04:00  INFO 22696 --- [seguridadcalidad] [main] c.d.s.SeguridadcalidadApplicationTests   : No active profile set, falling back to 1 default profile: "default"
2026-04-30T18:20:26.600-04:00  INFO 22696 --- [seguridadcalidad] [main] r$InitializeUserDetailsManagerConfigurer : Global AuthenticationManager configured with UserDetailsService bean with name users
2026-04-30T18:20:26.790-04:00  INFO 22696 --- [seguridadcalidad] [main] c.d.s.SeguridadcalidadApplicationTests   : Started SeguridadcalidadApplicationTests in 0.839 seconds (process running for 13.304)
2026-04-30T18:24:54.069-04:00  INFO 28076 --- [seguridadcalidad] [main] c.d.s.InvoiceControllerTests             : Starting InvoiceControllerTests using Java 21.0.7 with PID 28076 (started by Jennifer in C:\Users\Jennifer\Documents\ESTUDIOS\Seguridad\S8\Exp3_S8_Jennifer_Gonzalez\proyecto\cdy2203-2026-201-main)
2026-04-30T18:24:54.076-04:00  INFO 28076 --- [seguridadcalidad] [main] c.d.s.InvoiceControllerTests             : No active profile set, falling back to 1 default profile: "default"
2026-04-30T18:24:58.050-04:00  INFO 28076 --- [seguridadcalidad] [main] r$InitializeUserDetailsManagerConfigurer : Global AuthenticationManager configured with UserDetailsService bean with name users
2026-04-30T18:24:59.983-04:00  INFO 28076 --- [seguridadcalidad] [main] o.s.b.t.m.w.SpringBootMockServletContext : Initializing Spring TestDispatcherServlet ''
2026-04-30T18:24:59.984-04:00  INFO 28076 --- [seguridadcalidad] [main] o.s.t.web.servlet.TestDispatcherServlet  : Initializing Servlet ''
2026-04-30T18:24:59.989-04:00  INFO 28076 --- [seguridadcalidad] [main] o.s.t.web.servlet.TestDispatcherServlet  : Completed initialization in 4 ms
2026-04-30T18:25:00.100-04:00  INFO 28076 --- [seguridadcalidad] [main] c.d.s.InvoiceControllerTests             : Started InvoiceControllerTests in 7.486 seconds (process running for 17.48)
2026-04-30T18:25:01.333-04:00  INFO 28076 --- [seguridadcalidad] [main] t.c.s.AnnotationConfigContextLoaderUtils : Could not detect default configuration classes for test class [com.duoc.seguridadcalidad.SeguridadcalidadApplicationTests]: SeguridadcalidadApplicationTests does not declare any static, non-private, non-final, nested classes annotated with @Configuration.
2026-04-30T18:25:01.337-04:00  INFO 28076 --- [seguridadcalidad] [main] .b.t.c.SpringBootTestContextBootstrapper : Found @SpringBootConfiguration com.duoc.seguridadcalidad.SeguridadcalidadApplication for test class com.duoc.seguridadcalidad.SeguridadcalidadApplicationTests
2026-04-30T18:25:01.340-04:00  INFO 28076 --- [seguridadcalidad] [main] t.c.s.AnnotationConfigContextLoaderUtils : Could not detect default configuration classes for test class [com.duoc.seguridadcalidad.SeguridadcalidadApplicationTests]: SeguridadcalidadApplicationTests does not declare any static, non-private, non-final, nested classes annotated with @Configuration.
2026-04-30T18:25:01.346-04:00  INFO 28076 --- [seguridadcalidad] [main] .b.t.c.SpringBootTestContextBootstrapper : Found @SpringBootConfiguration com.duoc.seguridadcalidad.SeguridadcalidadApplication for test class com.duoc.seguridadcalidad.SeguridadcalidadApplicationTests
2026-04-30T18:25:01.463-04:00  INFO 28076 --- [seguridadcalidad] [main] c.d.s.SeguridadcalidadApplicationTests   : Starting SeguridadcalidadApplicationTests using Java 21.0.7 with PID 28076 (started by Jennifer in C:\Users\Jennifer\Documents\ESTUDIOS\Seguridad\S8\Exp3_S8_Jennifer_Gonzalez\proyecto\cdy2203-2026-201-main)
2026-04-30T18:25:01.465-04:00  INFO 28076 --- [seguridadcalidad] [main] c.d.s.SeguridadcalidadApplicationTests   : No active profile set, falling back to 1 default profile: "default"
2026-04-30T18:25:02.517-04:00  INFO 28076 --- [seguridadcalidad] [main] r$InitializeUserDetailsManagerConfigurer : Global AuthenticationManager configured with UserDetailsService bean with name users
2026-04-30T18:25:02.901-04:00  INFO 28076 --- [seguridadcalidad] [main] c.d.s.SeguridadcalidadApplicationTests   : Started SeguridadcalidadApplicationTests in 1.53 seconds (process running for 20.282)
2026-04-30T18:27:45.511-04:00  INFO 15568 --- [seguridadcalidad] [main] c.d.s.InvoiceControllerTests             : Starting InvoiceControllerTests using Java 21.0.7 with PID 15568 (started by Jennifer in C:\Users\Jennifer\Documents\ESTUDIOS\Seguridad\S8\Exp3_S8_Jennifer_Gonzalez\proyecto\cdy2203-2026-201-main)
2026-04-30T18:27:45.516-04:00  INFO 15568 --- [seguridadcalidad] [main] c.d.s.InvoiceControllerTests             : No active profile set, falling back to 1 default profile: "default"
2026-04-30T18:27:49.579-04:00  INFO 15568 --- [seguridadcalidad] [main] r$InitializeUserDetailsManagerConfigurer : Global AuthenticationManager configured with UserDetailsService bean with name users
2026-04-30T18:27:51.269-04:00  INFO 15568 --- [seguridadcalidad] [main] o.s.b.t.m.w.SpringBootMockServletContext : Initializing Spring TestDispatcherServlet ''
2026-04-30T18:27:51.271-04:00  INFO 15568 --- [seguridadcalidad] [main] o.s.t.web.servlet.TestDispatcherServlet  : Initializing Servlet ''
2026-04-30T18:27:51.285-04:00  INFO 15568 --- [seguridadcalidad] [main] o.s.t.web.servlet.TestDispatcherServlet  : Completed initialization in 14 ms
2026-04-30T18:27:51.597-04:00  INFO 15568 --- [seguridadcalidad] [main] c.d.s.InvoiceControllerTests             : Started InvoiceControllerTests in 7.505 seconds (process running for 17.019)
2026-04-30T18:27:52.744-04:00  INFO 15568 --- [seguridadcalidad] [main] t.c.s.AnnotationConfigContextLoaderUtils : Could not detect default configuration classes for test class [com.duoc.seguridadcalidad.SeguridadcalidadApplicationTests]: SeguridadcalidadApplicationTests does not declare any static, non-private, non-final, nested classes annotated with @Configuration.
2026-04-30T18:27:52.751-04:00  INFO 15568 --- [seguridadcalidad] [main] .b.t.c.SpringBootTestContextBootstrapper : Found @SpringBootConfiguration com.duoc.seguridadcalidad.SeguridadcalidadApplication for test class com.duoc.seguridadcalidad.SeguridadcalidadApplicationTests
2026-04-30T18:27:52.754-04:00  INFO 15568 --- [seguridadcalidad] [main] t.c.s.AnnotationConfigContextLoaderUtils : Could not detect default configuration classes for test class [com.duoc.seguridadcalidad.SeguridadcalidadApplicationTests]: SeguridadcalidadApplicationTests does not declare any static, non-private, non-final, nested classes annotated with @Configuration.
2026-04-30T18:27:52.757-04:00  INFO 15568 --- [seguridadcalidad] [main] .b.t.c.SpringBootTestContextBootstrapper : Found @SpringBootConfiguration com.duoc.seguridadcalidad.SeguridadcalidadApplication for test class com.duoc.seguridadcalidad.SeguridadcalidadApplicationTests
2026-04-30T18:27:52.857-04:00  INFO 15568 --- [seguridadcalidad] [main] c.d.s.SeguridadcalidadApplicationTests   : Starting SeguridadcalidadApplicationTests using Java 21.0.7 with PID 15568 (started by Jennifer in C:\Users\Jennifer\Documents\ESTUDIOS\Seguridad\S8\Exp3_S8_Jennifer_Gonzalez\proyecto\cdy2203-2026-201-main)
2026-04-30T18:27:52.858-04:00  INFO 15568 --- [seguridadcalidad] [main] c.d.s.SeguridadcalidadApplicationTests   : No active profile set, falling back to 1 default profile: "default"
2026-04-30T18:27:53.893-04:00  INFO 15568 --- [seguridadcalidad] [main] r$InitializeUserDetailsManagerConfigurer : Global AuthenticationManager configured with UserDetailsService bean with name users
2026-04-30T18:27:54.263-04:00  INFO 15568 --- [seguridadcalidad] [main] c.d.s.SeguridadcalidadApplicationTests   : Started SeguridadcalidadApplicationTests in 1.487 seconds (process running for 19.685)
2026-04-30T18:34:29.083-04:00  INFO 22060 --- [seguridadcalidad] [main] c.d.s.InvoiceControllerTests             : Starting InvoiceControllerTests using Java 21.0.7 with PID 22060 (started by Jennifer in C:\Users\Jennifer\Documents\ESTUDIOS\Seguridad\S8\Exp3_S8_Jennifer_Gonzalez\proyecto\cdy2203-2026-201-main)
2026-04-30T18:34:29.089-04:00  INFO 22060 --- [seguridadcalidad] [main] c.d.s.InvoiceControllerTests             : No active profile set, falling back to 1 default profile: "default"
2026-04-30T18:34:33.051-04:00  INFO 22060 --- [seguridadcalidad] [main] r$InitializeUserDetailsManagerConfigurer : Global AuthenticationManager configured with UserDetailsService bean with name users
2026-04-30T18:34:34.711-04:00  INFO 22060 --- [seguridadcalidad] [main] o.s.b.t.m.w.SpringBootMockServletContext : Initializing Spring TestDispatcherServlet ''
2026-04-30T18:34:34.713-04:00  INFO 22060 --- [seguridadcalidad] [main] o.s.t.web.servlet.TestDispatcherServlet  : Initializing Servlet ''
2026-04-30T18:34:34.725-04:00  INFO 22060 --- [seguridadcalidad] [main] o.s.t.web.servlet.TestDispatcherServlet  : Completed initialization in 11 ms
2026-04-30T18:34:34.989-04:00  INFO 22060 --- [seguridadcalidad] [main] c.d.s.InvoiceControllerTests             : Started InvoiceControllerTests in 7.331 seconds (process running for 17.208)
2026-04-30T18:34:36.070-04:00  INFO 22060 --- [seguridadcalidad] [main] t.c.s.AnnotationConfigContextLoaderUtils : Could not detect default configuration classes for test class [com.duoc.seguridadcalidad.SeguridadcalidadApplicationTests]: SeguridadcalidadApplicationTests does not declare any static, non-private, non-final, nested classes annotated with @Configuration.
2026-04-30T18:34:36.075-04:00  INFO 22060 --- [seguridadcalidad] [main] .b.t.c.SpringBootTestContextBootstrapper : Found @SpringBootConfiguration com.duoc.seguridadcalidad.SeguridadcalidadApplication for test class com.duoc.seguridadcalidad.SeguridadcalidadApplicationTests
2026-04-30T18:34:36.077-04:00  INFO 22060 --- [seguridadcalidad] [main] t.c.s.AnnotationConfigContextLoaderUtils : Could not detect default configuration classes for test class [com.duoc.seguridadcalidad.SeguridadcalidadApplicationTests]: SeguridadcalidadApplicationTests does not declare any static, non-private, non-final, nested classes annotated with @Configuration.
2026-04-30T18:34:36.081-04:00  INFO 22060 --- [seguridadcalidad] [main] .b.t.c.SpringBootTestContextBootstrapper : Found @SpringBootConfiguration com.duoc.seguridadcalidad.SeguridadcalidadApplication for test class com.duoc.seguridadcalidad.SeguridadcalidadApplicationTests
2026-04-30T18:34:36.179-04:00  INFO 22060 --- [seguridadcalidad] [main] c.d.s.SeguridadcalidadApplicationTests   : Starting SeguridadcalidadApplicationTests using Java 21.0.7 with PID 22060 (started by Jennifer in C:\Users\Jennifer\Documents\ESTUDIOS\Seguridad\S8\Exp3_S8_Jennifer_Gonzalez\proyecto\cdy2203-2026-201-main)
2026-04-30T18:34:36.181-04:00  INFO 22060 --- [seguridadcalidad] [main] c.d.s.SeguridadcalidadApplicationTests   : No active profile set, falling back to 1 default profile: "default"
2026-04-30T18:34:37.181-04:00  INFO 22060 --- [seguridadcalidad] [main] r$InitializeUserDetailsManagerConfigurer : Global AuthenticationManager configured with UserDetailsService bean with name users
2026-04-30T18:34:37.472-04:00  INFO 22060 --- [seguridadcalidad] [main] c.d.s.SeguridadcalidadApplicationTests   : Started SeguridadcalidadApplicationTests in 1.373 seconds (process running for 19.691)
2026-04-30T18:36:07.396-04:00  INFO 13644 --- [seguridadcalidad] [main] c.d.s.InvoiceControllerTests             : Starting InvoiceControllerTests using Java 21.0.7 with PID 13644 (started by Jennifer in C:\Users\Jennifer\Documents\ESTUDIOS\Seguridad\S8\Exp3_S8_Jennifer_Gonzalez\proyecto\cdy2203-2026-201-main)
2026-04-30T18:36:07.402-04:00  INFO 13644 --- [seguridadcalidad] [main] c.d.s.InvoiceControllerTests             : No active profile set, falling back to 1 default profile: "default"
2026-04-30T18:36:09.906-04:00  INFO 13644 --- [seguridadcalidad] [main] r$InitializeUserDetailsManagerConfigurer : Global AuthenticationManager configured with UserDetailsService bean with name users
2026-04-30T18:36:11.022-04:00  INFO 13644 --- [seguridadcalidad] [main] o.s.b.t.m.w.SpringBootMockServletContext : Initializing Spring TestDispatcherServlet ''
2026-04-30T18:36:11.023-04:00  INFO 13644 --- [seguridadcalidad] [main] o.s.t.web.servlet.TestDispatcherServlet  : Initializing Servlet ''
2026-04-30T18:36:11.030-04:00  INFO 13644 --- [seguridadcalidad] [main] o.s.t.web.servlet.TestDispatcherServlet  : Completed initialization in 7 ms
2026-04-30T18:36:11.190-04:00  INFO 13644 --- [seguridadcalidad] [main] c.d.s.InvoiceControllerTests             : Started InvoiceControllerTests in 4.657 seconds (process running for 11.696)
2026-04-30T18:36:11.848-04:00  INFO 13644 --- [seguridadcalidad] [main] t.c.s.AnnotationConfigContextLoaderUtils : Could not detect default configuration classes for test class [com.duoc.seguridadcalidad.SeguridadcalidadApplicationTests]: SeguridadcalidadApplicationTests does not declare any static, non-private, non-final, nested classes annotated with @Configuration.
2026-04-30T18:36:11.851-04:00  INFO 13644 --- [seguridadcalidad] [main] .b.t.c.SpringBootTestContextBootstrapper : Found @SpringBootConfiguration com.duoc.seguridadcalidad.SeguridadcalidadApplication for test class com.duoc.seguridadcalidad.SeguridadcalidadApplicationTests
2026-04-30T18:36:11.853-04:00  INFO 13644 --- [seguridadcalidad] [main] t.c.s.AnnotationConfigContextLoaderUtils : Could not detect default configuration classes for test class [com.duoc.seguridadcalidad.SeguridadcalidadApplicationTests]: SeguridadcalidadApplicationTests does not declare any static, non-private, non-final, nested classes annotated with @Configuration.
2026-04-30T18:36:11.854-04:00  INFO 13644 --- [seguridadcalidad] [main] .b.t.c.SpringBootTestContextBootstrapper : Found @SpringBootConfiguration com.duoc.seguridadcalidad.SeguridadcalidadApplication for test class com.duoc.seguridadcalidad.SeguridadcalidadApplicationTests
2026-04-30T18:36:11.937-04:00  INFO 13644 --- [seguridadcalidad] [main] c.d.s.SeguridadcalidadApplicationTests   : Starting SeguridadcalidadApplicationTests using Java 21.0.7 with PID 13644 (started by Jennifer in C:\Users\Jennifer\Documents\ESTUDIOS\Seguridad\S8\Exp3_S8_Jennifer_Gonzalez\proyecto\cdy2203-2026-201-main)
2026-04-30T18:36:11.938-04:00  INFO 13644 --- [seguridadcalidad] [main] c.d.s.SeguridadcalidadApplicationTests   : No active profile set, falling back to 1 default profile: "default"
2026-04-30T18:36:12.562-04:00  INFO 13644 --- [seguridadcalidad] [main] r$InitializeUserDetailsManagerConfigurer : Global AuthenticationManager configured with UserDetailsService bean with name users
2026-04-30T18:36:12.738-04:00  INFO 13644 --- [seguridadcalidad] [main] c.d.s.SeguridadcalidadApplicationTests   : Started SeguridadcalidadApplicationTests in 0.871 seconds (process running for 13.243)
2026-04-30T18:38:08.879-04:00  INFO 5836 --- [seguridadcalidad] [main] c.d.s.InvoiceControllerTests             : Starting InvoiceControllerTests using Java 21.0.7 with PID 5836 (started by Jennifer in C:\Users\Jennifer\Documents\ESTUDIOS\Seguridad\S8\Exp3_S8_Jennifer_Gonzalez\proyecto\cdy2203-2026-201-main)
2026-04-30T18:38:08.884-04:00  INFO 5836 --- [seguridadcalidad] [main] c.d.s.InvoiceControllerTests             : No active profile set, falling back to 1 default profile: "default"
2026-04-30T18:38:12.036-04:00  INFO 5836 --- [seguridadcalidad] [main] r$InitializeUserDetailsManagerConfigurer : Global AuthenticationManager configured with UserDetailsService bean with name users
2026-04-30T18:38:12.896-04:00  INFO 5836 --- [seguridadcalidad] [main] o.s.b.t.m.w.SpringBootMockServletContext : Initializing Spring TestDispatcherServlet ''
2026-04-30T18:38:12.897-04:00  INFO 5836 --- [seguridadcalidad] [main] o.s.t.web.servlet.TestDispatcherServlet  : Initializing Servlet ''
2026-04-30T18:38:12.903-04:00  INFO 5836 --- [seguridadcalidad] [main] o.s.t.web.servlet.TestDispatcherServlet  : Completed initialization in 6 ms
2026-04-30T18:38:13.076-04:00  INFO 5836 --- [seguridadcalidad] [main] c.d.s.InvoiceControllerTests             : Started InvoiceControllerTests in 5.104 seconds (process running for 12.539)
2026-04-30T18:38:13.711-04:00  INFO 5836 --- [seguridadcalidad] [main] t.c.s.AnnotationConfigContextLoaderUtils : Could not detect default configuration classes for test class [com.duoc.seguridadcalidad.SeguridadcalidadApplicationTests]: SeguridadcalidadApplicationTests does not declare any static, non-private, non-final, nested classes annotated with @Configuration.
2026-04-30T18:38:13.720-04:00  INFO 5836 --- [seguridadcalidad] [main] .b.t.c.SpringBootTestContextBootstrapper : Found @SpringBootConfiguration com.duoc.seguridadcalidad.SeguridadcalidadApplication for test class com.duoc.seguridadcalidad.SeguridadcalidadApplicationTests
2026-04-30T18:38:13.721-04:00  INFO 5836 --- [seguridadcalidad] [main] t.c.s.AnnotationConfigContextLoaderUtils : Could not detect default configuration classes for test class [com.duoc.seguridadcalidad.SeguridadcalidadApplicationTests]: SeguridadcalidadApplicationTests does not declare any static, non-private, non-final, nested classes annotated with @Configuration.
2026-04-30T18:38:13.724-04:00  INFO 5836 --- [seguridadcalidad] [main] .b.t.c.SpringBootTestContextBootstrapper : Found @SpringBootConfiguration com.duoc.seguridadcalidad.SeguridadcalidadApplication for test class com.duoc.seguridadcalidad.SeguridadcalidadApplicationTests
2026-04-30T18:38:13.808-04:00  INFO 5836 --- [seguridadcalidad] [main] c.d.s.SeguridadcalidadApplicationTests   : Starting SeguridadcalidadApplicationTests using Java 21.0.7 with PID 5836 (started by Jennifer in C:\Users\Jennifer\Documents\ESTUDIOS\Seguridad\S8\Exp3_S8_Jennifer_Gonzalez\proyecto\cdy2203-2026-201-main)
2026-04-30T18:38:13.809-04:00  INFO 5836 --- [seguridadcalidad] [main] c.d.s.SeguridadcalidadApplicationTests   : No active profile set, falling back to 1 default profile: "default"
2026-04-30T18:38:14.435-04:00  INFO 5836 --- [seguridadcalidad] [main] r$InitializeUserDetailsManagerConfigurer : Global AuthenticationManager configured with UserDetailsService bean with name users
2026-04-30T18:38:14.660-04:00  INFO 5836 --- [seguridadcalidad] [main] c.d.s.SeguridadcalidadApplicationTests   : Started SeguridadcalidadApplicationTests in 0.922 seconds (process running for 14.123)
2026-04-30T18:42:05.323-04:00  INFO 27856 --- [seguridadcalidad] [main] c.d.s.InvoiceControllerTests             : Starting InvoiceControllerTests using Java 21.0.7 with PID 27856 (started by Jennifer in C:\Users\Jennifer\Documents\ESTUDIOS\Seguridad\S8\Exp3_S8_Jennifer_Gonzalez\proyecto\cdy2203-2026-201-main)
2026-04-30T18:42:05.330-04:00  INFO 27856 --- [seguridadcalidad] [main] c.d.s.InvoiceControllerTests             : No active profile set, falling back to 1 default profile: "default"
2026-04-30T18:42:09.453-04:00  INFO 27856 --- [seguridadcalidad] [main] r$InitializeUserDetailsManagerConfigurer : Global AuthenticationManager configured with UserDetailsService bean with name users
2026-04-30T18:42:11.077-04:00  INFO 27856 --- [seguridadcalidad] [main] o.s.b.t.m.w.SpringBootMockServletContext : Initializing Spring TestDispatcherServlet ''
2026-04-30T18:42:11.078-04:00  INFO 27856 --- [seguridadcalidad] [main] o.s.t.web.servlet.TestDispatcherServlet  : Initializing Servlet ''
2026-04-30T18:42:11.090-04:00  INFO 27856 --- [seguridadcalidad] [main] o.s.t.web.servlet.TestDispatcherServlet  : Completed initialization in 11 ms
2026-04-30T18:42:11.360-04:00  INFO 27856 --- [seguridadcalidad] [main] c.d.s.InvoiceControllerTests             : Started InvoiceControllerTests in 7.591 seconds (process running for 17.738)
2026-04-30T18:42:12.480-04:00  INFO 27856 --- [seguridadcalidad] [main] t.c.s.AnnotationConfigContextLoaderUtils : Could not detect default configuration classes for test class [com.duoc.seguridadcalidad.SeguridadcalidadApplicationTests]: SeguridadcalidadApplicationTests does not declare any static, non-private, non-final, nested classes annotated with @Configuration.
2026-04-30T18:42:12.484-04:00  INFO 27856 --- [seguridadcalidad] [main] .b.t.c.SpringBootTestContextBootstrapper : Found @SpringBootConfiguration com.duoc.seguridadcalidad.SeguridadcalidadApplication for test class com.duoc.seguridadcalidad.SeguridadcalidadApplicationTests
2026-04-30T18:42:12.488-04:00  INFO 27856 --- [seguridadcalidad] [main] t.c.s.AnnotationConfigContextLoaderUtils : Could not detect default configuration classes for test class [com.duoc.seguridadcalidad.SeguridadcalidadApplicationTests]: SeguridadcalidadApplicationTests does not declare any static, non-private, non-final, nested classes annotated with @Configuration.
2026-04-30T18:42:12.490-04:00  INFO 27856 --- [seguridadcalidad] [main] .b.t.c.SpringBootTestContextBootstrapper : Found @SpringBootConfiguration com.duoc.seguridadcalidad.SeguridadcalidadApplication for test class com.duoc.seguridadcalidad.SeguridadcalidadApplicationTests
2026-04-30T18:42:12.593-04:00  INFO 27856 --- [seguridadcalidad] [main] c.d.s.SeguridadcalidadApplicationTests   : Starting SeguridadcalidadApplicationTests using Java 21.0.7 with PID 27856 (started by Jennifer in C:\Users\Jennifer\Documents\ESTUDIOS\Seguridad\S8\Exp3_S8_Jennifer_Gonzalez\proyecto\cdy2203-2026-201-main)
2026-04-30T18:42:12.594-04:00  INFO 27856 --- [seguridadcalidad] [main] c.d.s.SeguridadcalidadApplicationTests   : No active profile set, falling back to 1 default profile: "default"
2026-04-30T18:42:13.531-04:00  INFO 27856 --- [seguridadcalidad] [main] r$InitializeUserDetailsManagerConfigurer : Global AuthenticationManager configured with UserDetailsService bean with name users
2026-04-30T18:42:13.850-04:00  INFO 27856 --- [seguridadcalidad] [main] c.d.s.SeguridadcalidadApplicationTests   : Started SeguridadcalidadApplicationTests in 1.34 seconds (process running for 20.229)
2026-04-30T18:44:41.390-04:00  INFO 18964 --- [seguridadcalidad] [main] c.d.s.InvoiceControllerTests             : Starting InvoiceControllerTests using Java 21.0.7 with PID 18964 (started by Jennifer in C:\Users\Jennifer\Documents\ESTUDIOS\Seguridad\S8\Exp3_S8_Jennifer_Gonzalez\proyecto\cdy2203-2026-201-main)
2026-04-30T18:44:41.394-04:00  INFO 18964 --- [seguridadcalidad] [main] c.d.s.InvoiceControllerTests             : No active profile set, falling back to 1 default profile: "default"
2026-04-30T18:44:45.523-04:00  INFO 18964 --- [seguridadcalidad] [main] r$InitializeUserDetailsManagerConfigurer : Global AuthenticationManager configured with UserDetailsService bean with name users
2026-04-30T18:44:46.995-04:00  INFO 18964 --- [seguridadcalidad] [main] o.s.b.t.m.w.SpringBootMockServletContext : Initializing Spring TestDispatcherServlet ''
2026-04-30T18:44:46.996-04:00  INFO 18964 --- [seguridadcalidad] [main] o.s.t.web.servlet.TestDispatcherServlet  : Initializing Servlet ''
2026-04-30T18:44:47.009-04:00  INFO 18964 --- [seguridadcalidad] [main] o.s.t.web.servlet.TestDispatcherServlet  : Completed initialization in 12 ms
2026-04-30T18:44:47.283-04:00  INFO 18964 --- [seguridadcalidad] [main] c.d.s.InvoiceControllerTests             : Started InvoiceControllerTests in 7.432 seconds (process running for 17.208)
2026-04-30T18:44:48.196-04:00  INFO 18964 --- [seguridadcalidad] [main] t.c.s.AnnotationConfigContextLoaderUtils : Could not detect default configuration classes for test class [com.duoc.seguridadcalidad.SeguridadcalidadApplicationTests]: SeguridadcalidadApplicationTests does not declare any static, non-private, non-final, nested classes annotated with @Configuration.
2026-04-30T18:44:48.199-04:00  INFO 18964 --- [seguridadcalidad] [main] .b.t.c.SpringBootTestContextBootstrapper : Found @SpringBootConfiguration com.duoc.seguridadcalidad.SeguridadcalidadApplication for test class com.duoc.seguridadcalidad.SeguridadcalidadApplicationTests
2026-04-30T18:44:48.202-04:00  INFO 18964 --- [seguridadcalidad] [main] t.c.s.AnnotationConfigContextLoaderUtils : Could not detect default configuration classes for test class [com.duoc.seguridadcalidad.SeguridadcalidadApplicationTests]: SeguridadcalidadApplicationTests does not declare any static, non-private, non-final, nested classes annotated with @Configuration.
2026-04-30T18:44:48.203-04:00  INFO 18964 --- [seguridadcalidad] [main] .b.t.c.SpringBootTestContextBootstrapper : Found @SpringBootConfiguration com.duoc.seguridadcalidad.SeguridadcalidadApplication for test class com.duoc.seguridadcalidad.SeguridadcalidadApplicationTests
2026-04-30T18:44:48.292-04:00  INFO 18964 --- [seguridadcalidad] [main] c.d.s.SeguridadcalidadApplicationTests   : Starting SeguridadcalidadApplicationTests using Java 21.0.7 with PID 18964 (started by Jennifer in C:\Users\Jennifer\Documents\ESTUDIOS\Seguridad\S8\Exp3_S8_Jennifer_Gonzalez\proyecto\cdy2203-2026-201-main)
2026-04-30T18:44:48.293-04:00  INFO 18964 --- [seguridadcalidad] [main] c.d.s.SeguridadcalidadApplicationTests   : No active profile set, falling back to 1 default profile: "default"
2026-04-30T18:44:49.228-04:00  INFO 18964 --- [seguridadcalidad] [main] r$InitializeUserDetailsManagerConfigurer : Global AuthenticationManager configured with UserDetailsService bean with name users
2026-04-30T18:44:49.530-04:00  INFO 18964 --- [seguridadcalidad] [main] c.d.s.SeguridadcalidadApplicationTests   : Started SeguridadcalidadApplicationTests in 1.311 seconds (process running for 19.455)
2026-04-30T18:50:16.156-04:00  INFO 9672 --- [seguridadcalidad] [main] c.d.s.InvoiceControllerTests             : Starting InvoiceControllerTests using Java 21.0.7 with PID 9672 (started by Jennifer in C:\Users\Jennifer\Documents\ESTUDIOS\Seguridad\S8\Exp3_S8_Jennifer_Gonzalez\proyecto\cdy2203-2026-201-main)
2026-04-30T18:50:16.160-04:00  INFO 9672 --- [seguridadcalidad] [main] c.d.s.InvoiceControllerTests             : No active profile set, falling back to 1 default profile: "default"
2026-04-30T18:50:18.650-04:00  INFO 9672 --- [seguridadcalidad] [main] r$InitializeUserDetailsManagerConfigurer : Global AuthenticationManager configured with UserDetailsService bean with name users
2026-04-30T18:50:19.657-04:00  INFO 9672 --- [seguridadcalidad] [main] o.s.b.t.m.w.SpringBootMockServletContext : Initializing Spring TestDispatcherServlet ''
2026-04-30T18:50:19.657-04:00  INFO 9672 --- [seguridadcalidad] [main] o.s.t.web.servlet.TestDispatcherServlet  : Initializing Servlet ''
2026-04-30T18:50:19.662-04:00  INFO 9672 --- [seguridadcalidad] [main] o.s.t.web.servlet.TestDispatcherServlet  : Completed initialization in 4 ms
2026-04-30T18:50:19.789-04:00  INFO 9672 --- [seguridadcalidad] [main] c.d.s.InvoiceControllerTests             : Started InvoiceControllerTests in 4.53 seconds (process running for 11.645)
2026-04-30T18:50:20.407-04:00  INFO 9672 --- [seguridadcalidad] [main] t.c.s.AnnotationConfigContextLoaderUtils : Could not detect default configuration classes for test class [com.duoc.seguridadcalidad.SeguridadcalidadApplicationTests]: SeguridadcalidadApplicationTests does not declare any static, non-private, non-final, nested classes annotated with @Configuration.
2026-04-30T18:50:20.410-04:00  INFO 9672 --- [seguridadcalidad] [main] .b.t.c.SpringBootTestContextBootstrapper : Found @SpringBootConfiguration com.duoc.seguridadcalidad.SeguridadcalidadApplication for test class com.duoc.seguridadcalidad.SeguridadcalidadApplicationTests
2026-04-30T18:50:20.411-04:00  INFO 9672 --- [seguridadcalidad] [main] t.c.s.AnnotationConfigContextLoaderUtils : Could not detect default configuration classes for test class [com.duoc.seguridadcalidad.SeguridadcalidadApplicationTests]: SeguridadcalidadApplicationTests does not declare any static, non-private, non-final, nested classes annotated with @Configuration.
2026-04-30T18:50:20.414-04:00  INFO 9672 --- [seguridadcalidad] [main] .b.t.c.SpringBootTestContextBootstrapper : Found @SpringBootConfiguration com.duoc.seguridadcalidad.SeguridadcalidadApplication for test class com.duoc.seguridadcalidad.SeguridadcalidadApplicationTests
2026-04-30T18:50:20.505-04:00  INFO 9672 --- [seguridadcalidad] [main] c.d.s.SeguridadcalidadApplicationTests   : Starting SeguridadcalidadApplicationTests using Java 21.0.7 with PID 9672 (started by Jennifer in C:\Users\Jennifer\Documents\ESTUDIOS\Seguridad\S8\Exp3_S8_Jennifer_Gonzalez\proyecto\cdy2203-2026-201-main)
2026-04-30T18:50:20.507-04:00  INFO 9672 --- [seguridadcalidad] [main] c.d.s.SeguridadcalidadApplicationTests   : No active profile set, falling back to 1 default profile: "default"
2026-04-30T18:50:21.111-04:00  INFO 9672 --- [seguridadcalidad] [main] r$InitializeUserDetailsManagerConfigurer : Global AuthenticationManager configured with UserDetailsService bean with name users
2026-04-30T18:50:21.243-04:00  INFO 9672 --- [seguridadcalidad] [main] c.d.s.SeguridadcalidadApplicationTests   : Started SeguridadcalidadApplicationTests in 0.821 seconds (process running for 13.099)
2026-04-30T19:02:28.725-04:00  INFO 6368 --- [seguridadcalidad] [main] c.d.s.InvoiceControllerTests             : Starting InvoiceControllerTests using Java 21.0.7 with PID 6368 (started by Jennifer in C:\Users\Jennifer\Documents\ESTUDIOS\Seguridad\S8\Exp3_S8_Jennifer_Gonzalez\proyecto\cdy2203-2026-201-main)
2026-04-30T19:02:28.732-04:00  INFO 6368 --- [seguridadcalidad] [main] c.d.s.InvoiceControllerTests             : No active profile set, falling back to 1 default profile: "default"
2026-04-30T19:02:32.593-04:00  INFO 6368 --- [seguridadcalidad] [main] r$InitializeUserDetailsManagerConfigurer : Global AuthenticationManager configured with UserDetailsService bean with name users
2026-04-30T19:02:34.238-04:00  INFO 6368 --- [seguridadcalidad] [main] o.s.b.t.m.w.SpringBootMockServletContext : Initializing Spring TestDispatcherServlet ''
2026-04-30T19:02:34.238-04:00  INFO 6368 --- [seguridadcalidad] [main] o.s.t.web.servlet.TestDispatcherServlet  : Initializing Servlet ''
2026-04-30T19:02:34.246-04:00  INFO 6368 --- [seguridadcalidad] [main] o.s.t.web.servlet.TestDispatcherServlet  : Completed initialization in 8 ms
2026-04-30T19:02:34.484-04:00  INFO 6368 --- [seguridadcalidad] [main] c.d.s.InvoiceControllerTests             : Started InvoiceControllerTests in 7.274 seconds (process running for 17.46)
2026-04-30T19:02:35.404-04:00  INFO 6368 --- [seguridadcalidad] [main] t.c.s.AnnotationConfigContextLoaderUtils : Could not detect default configuration classes for test class [com.duoc.seguridadcalidad.SeguridadcalidadApplicationTests]: SeguridadcalidadApplicationTests does not declare any static, non-private, non-final, nested classes annotated with @Configuration.
2026-04-30T19:02:35.413-04:00  INFO 6368 --- [seguridadcalidad] [main] .b.t.c.SpringBootTestContextBootstrapper : Found @SpringBootConfiguration com.duoc.seguridadcalidad.SeguridadcalidadApplication for test class com.duoc.seguridadcalidad.SeguridadcalidadApplicationTests
2026-04-30T19:02:35.417-04:00  INFO 6368 --- [seguridadcalidad] [main] t.c.s.AnnotationConfigContextLoaderUtils : Could not detect default configuration classes for test class [com.duoc.seguridadcalidad.SeguridadcalidadApplicationTests]: SeguridadcalidadApplicationTests does not declare any static, non-private, non-final, nested classes annotated with @Configuration.
2026-04-30T19:02:35.420-04:00  INFO 6368 --- [seguridadcalidad] [main] .b.t.c.SpringBootTestContextBootstrapper : Found @SpringBootConfiguration com.duoc.seguridadcalidad.SeguridadcalidadApplication for test class com.duoc.seguridadcalidad.SeguridadcalidadApplicationTests
2026-04-30T19:02:35.548-04:00  INFO 6368 --- [seguridadcalidad] [main] c.d.s.SeguridadcalidadApplicationTests   : Starting SeguridadcalidadApplicationTests using Java 21.0.7 with PID 6368 (started by Jennifer in C:\Users\Jennifer\Documents\ESTUDIOS\Seguridad\S8\Exp3_S8_Jennifer_Gonzalez\proyecto\cdy2203-2026-201-main)
2026-04-30T19:02:35.548-04:00  INFO 6368 --- [seguridadcalidad] [main] c.d.s.SeguridadcalidadApplicationTests   : No active profile set, falling back to 1 default profile: "default"
2026-04-30T19:02:36.620-04:00  INFO 6368 --- [seguridadcalidad] [main] r$InitializeUserDetailsManagerConfigurer : Global AuthenticationManager configured with UserDetailsService bean with name users
2026-04-30T19:02:36.965-04:00  INFO 6368 --- [seguridadcalidad] [main] c.d.s.SeguridadcalidadApplicationTests   : Started SeguridadcalidadApplicationTests in 1.527 seconds (process running for 19.942)
2026-04-30T19:08:29.451-04:00  INFO 16104 --- [seguridadcalidad] [main] c.d.s.InvoiceControllerTests             : Starting InvoiceControllerTests using Java 21.0.7 with PID 16104 (started by Jennifer in C:\Users\Jennifer\Documents\ESTUDIOS\Seguridad\S8\Exp3_S8_Jennifer_Gonzalez\proyecto\cdy2203-2026-201-main)
2026-04-30T19:08:29.451-04:00  INFO 16104 --- [seguridadcalidad] [main] c.d.s.InvoiceControllerTests             : No active profile set, falling back to 1 default profile: "default"
2026-04-30T19:08:33.271-04:00  INFO 16104 --- [seguridadcalidad] [main] r$InitializeUserDetailsManagerConfigurer : Global AuthenticationManager configured with UserDetailsService bean with name users
2026-04-30T19:08:34.914-04:00  INFO 16104 --- [seguridadcalidad] [main] o.s.b.t.m.w.SpringBootMockServletContext : Initializing Spring TestDispatcherServlet ''
2026-04-30T19:08:34.930-04:00  INFO 16104 --- [seguridadcalidad] [main] o.s.t.web.servlet.TestDispatcherServlet  : Initializing Servlet ''
2026-04-30T19:08:34.937-04:00  INFO 16104 --- [seguridadcalidad] [main] o.s.t.web.servlet.TestDispatcherServlet  : Completed initialization in 6 ms
2026-04-30T19:08:35.227-04:00  INFO 16104 --- [seguridadcalidad] [main] c.d.s.InvoiceControllerTests             : Started InvoiceControllerTests in 6.766 seconds (process running for 13.907)
2026-04-30T19:08:36.236-04:00  INFO 16104 --- [seguridadcalidad] [main] t.c.s.AnnotationConfigContextLoaderUtils : Could not detect default configuration classes for test class [com.duoc.seguridadcalidad.SeguridadcalidadApplicationTests]: SeguridadcalidadApplicationTests does not declare any static, non-private, non-final, nested classes annotated with @Configuration.
2026-04-30T19:08:36.241-04:00  INFO 16104 --- [seguridadcalidad] [main] .b.t.c.SpringBootTestContextBootstrapper : Found @SpringBootConfiguration com.duoc.seguridadcalidad.SeguridadcalidadApplication for test class com.duoc.seguridadcalidad.SeguridadcalidadApplicationTests
2026-04-30T19:08:36.244-04:00  INFO 16104 --- [seguridadcalidad] [main] t.c.s.AnnotationConfigContextLoaderUtils : Could not detect default configuration classes for test class [com.duoc.seguridadcalidad.SeguridadcalidadApplicationTests]: SeguridadcalidadApplicationTests does not declare any static, non-private, non-final, nested classes annotated with @Configuration.
2026-04-30T19:08:36.247-04:00  INFO 16104 --- [seguridadcalidad] [main] .b.t.c.SpringBootTestContextBootstrapper : Found @SpringBootConfiguration com.duoc.seguridadcalidad.SeguridadcalidadApplication for test class com.duoc.seguridadcalidad.SeguridadcalidadApplicationTests
2026-04-30T19:08:36.382-04:00  INFO 16104 --- [seguridadcalidad] [main] c.d.s.SeguridadcalidadApplicationTests   : Starting SeguridadcalidadApplicationTests using Java 21.0.7 with PID 16104 (started by Jennifer in C:\Users\Jennifer\Documents\ESTUDIOS\Seguridad\S8\Exp3_S8_Jennifer_Gonzalez\proyecto\cdy2203-2026-201-main)
2026-04-30T19:08:36.382-04:00  INFO 16104 --- [seguridadcalidad] [main] c.d.s.SeguridadcalidadApplicationTests   : No active profile set, falling back to 1 default profile: "default"
2026-04-30T19:08:37.440-04:00  INFO 16104 --- [seguridadcalidad] [main] r$InitializeUserDetailsManagerConfigurer : Global AuthenticationManager configured with UserDetailsService bean with name users
2026-04-30T19:08:37.707-04:00  INFO 16104 --- [seguridadcalidad] [main] c.d.s.SeguridadcalidadApplicationTests   : Started SeguridadcalidadApplicationTests in 1.439 seconds (process running for 16.394)
2026-04-30T19:09:59.636-04:00  INFO 12520 --- [seguridadcalidad] [main] c.d.s.InvoiceControllerTests             : Starting InvoiceControllerTests using Java 21.0.7 with PID 12520 (started by Jennifer in C:\Users\Jennifer\Documents\ESTUDIOS\Seguridad\S8\Exp3_S8_Jennifer_Gonzalez\proyecto\cdy2203-2026-201-main)
2026-04-30T19:09:59.640-04:00  INFO 12520 --- [seguridadcalidad] [main] c.d.s.InvoiceControllerTests             : No active profile set, falling back to 1 default profile: "default"
2026-04-30T19:10:03.716-04:00  INFO 12520 --- [seguridadcalidad] [main] r$InitializeUserDetailsManagerConfigurer : Global AuthenticationManager configured with UserDetailsService bean with name users
2026-04-30T19:10:05.406-04:00  INFO 12520 --- [seguridadcalidad] [main] o.s.b.t.m.w.SpringBootMockServletContext : Initializing Spring TestDispatcherServlet ''
2026-04-30T19:10:05.406-04:00  INFO 12520 --- [seguridadcalidad] [main] o.s.t.web.servlet.TestDispatcherServlet  : Initializing Servlet ''
2026-04-30T19:10:05.417-04:00  INFO 12520 --- [seguridadcalidad] [main] o.s.t.web.servlet.TestDispatcherServlet  : Completed initialization in 8 ms
2026-04-30T19:10:05.691-04:00  INFO 12520 --- [seguridadcalidad] [main] c.d.s.InvoiceControllerTests             : Started InvoiceControllerTests in 7.459 seconds (process running for 17.052)
2026-04-30T19:10:06.775-04:00  INFO 12520 --- [seguridadcalidad] [main] t.c.s.AnnotationConfigContextLoaderUtils : Could not detect default configuration classes for test class [com.duoc.seguridadcalidad.SeguridadcalidadApplicationTests]: SeguridadcalidadApplicationTests does not declare any static, non-private, non-final, nested classes annotated with @Configuration.
2026-04-30T19:10:06.781-04:00  INFO 12520 --- [seguridadcalidad] [main] .b.t.c.SpringBootTestContextBootstrapper : Found @SpringBootConfiguration com.duoc.seguridadcalidad.SeguridadcalidadApplication for test class com.duoc.seguridadcalidad.SeguridadcalidadApplicationTests
2026-04-30T19:10:06.784-04:00  INFO 12520 --- [seguridadcalidad] [main] t.c.s.AnnotationConfigContextLoaderUtils : Could not detect default configuration classes for test class [com.duoc.seguridadcalidad.SeguridadcalidadApplicationTests]: SeguridadcalidadApplicationTests does not declare any static, non-private, non-final, nested classes annotated with @Configuration.
2026-04-30T19:10:06.786-04:00  INFO 12520 --- [seguridadcalidad] [main] .b.t.c.SpringBootTestContextBootstrapper : Found @SpringBootConfiguration com.duoc.seguridadcalidad.SeguridadcalidadApplication for test class com.duoc.seguridadcalidad.SeguridadcalidadApplicationTests
2026-04-30T19:10:06.878-04:00  INFO 12520 --- [seguridadcalidad] [main] c.d.s.SeguridadcalidadApplicationTests   : Starting SeguridadcalidadApplicationTests using Java 21.0.7 with PID 12520 (started by Jennifer in C:\Users\Jennifer\Documents\ESTUDIOS\Seguridad\S8\Exp3_S8_Jennifer_Gonzalez\proyecto\cdy2203-2026-201-main)
2026-04-30T19:10:06.878-04:00  INFO 12520 --- [seguridadcalidad] [main] c.d.s.SeguridadcalidadApplicationTests   : No active profile set, falling back to 1 default profile: "default"
2026-04-30T19:10:07.796-04:00  INFO 12520 --- [seguridadcalidad] [main] r$InitializeUserDetailsManagerConfigurer : Global AuthenticationManager configured with UserDetailsService bean with name users
2026-04-30T19:10:08.088-04:00  INFO 12520 --- [seguridadcalidad] [main] c.d.s.SeguridadcalidadApplicationTests   : Started SeguridadcalidadApplicationTests in 1.278 seconds (process running for 19.447)
2026-04-30T21:11:47.825-04:00  INFO 9328 --- [seguridadcalidad] [main] c.d.s.InvoiceControllerTests             : Starting InvoiceControllerTests using Java 21.0.7 with PID 9328 (started by Jennifer in C:\Users\Jennifer\Documents\ESTUDIOS\Seguridad\S8\Exp3_S8_Jennifer_Gonzalez\proyecto\cdy2203-2026-201-main)
2026-04-30T21:11:47.825-04:00  INFO 9328 --- [seguridadcalidad] [main] c.d.s.InvoiceControllerTests             : No active profile set, falling back to 1 default profile: "default"
2026-04-30T21:11:50.580-04:00  INFO 9328 --- [seguridadcalidad] [main] r$InitializeUserDetailsManagerConfigurer : Global AuthenticationManager configured with UserDetailsService bean with name users
2026-04-30T21:11:51.500-04:00  INFO 9328 --- [seguridadcalidad] [main] o.s.b.t.m.w.SpringBootMockServletContext : Initializing Spring TestDispatcherServlet ''
2026-04-30T21:11:51.510-04:00  INFO 9328 --- [seguridadcalidad] [main] o.s.t.web.servlet.TestDispatcherServlet  : Initializing Servlet ''
2026-04-30T21:11:51.520-04:00  INFO 9328 --- [seguridadcalidad] [main] o.s.t.web.servlet.TestDispatcherServlet  : Completed initialization in 7 ms
2026-04-30T21:11:51.696-04:00  INFO 9328 --- [seguridadcalidad] [main] c.d.s.InvoiceControllerTests             : Started InvoiceControllerTests in 4.896 seconds (process running for 12.954)
2026-04-30T21:11:52.238-04:00  INFO 9328 --- [seguridadcalidad] [main] t.c.s.AnnotationConfigContextLoaderUtils : Could not detect default configuration classes for test class [com.duoc.seguridadcalidad.SeguridadcalidadApplicationTests]: SeguridadcalidadApplicationTests does not declare any static, non-private, non-final, nested classes annotated with @Configuration.
2026-04-30T21:11:52.244-04:00  INFO 9328 --- [seguridadcalidad] [main] .b.t.c.SpringBootTestContextBootstrapper : Found @SpringBootConfiguration com.duoc.seguridadcalidad.SeguridadcalidadApplication for test class com.duoc.seguridadcalidad.SeguridadcalidadApplicationTests
2026-04-30T21:11:52.248-04:00  INFO 9328 --- [seguridadcalidad] [main] t.c.s.AnnotationConfigContextLoaderUtils : Could not detect default configuration classes for test class [com.duoc.seguridadcalidad.SeguridadcalidadApplicationTests]: SeguridadcalidadApplicationTests does not declare any static, non-private, non-final, nested classes annotated with @Configuration.
2026-04-30T21:11:52.250-04:00  INFO 9328 --- [seguridadcalidad] [main] .b.t.c.SpringBootTestContextBootstrapper : Found @SpringBootConfiguration com.duoc.seguridadcalidad.SeguridadcalidadApplication for test class com.duoc.seguridadcalidad.SeguridadcalidadApplicationTests
2026-04-30T21:11:52.300-04:00  INFO 9328 --- [seguridadcalidad] [main] c.d.s.SeguridadcalidadApplicationTests   : Starting SeguridadcalidadApplicationTests using Java 21.0.7 with PID 9328 (started by Jennifer in C:\Users\Jennifer\Documents\ESTUDIOS\Seguridad\S8\Exp3_S8_Jennifer_Gonzalez\proyecto\cdy2203-2026-201-main)
2026-04-30T21:11:52.300-04:00  INFO 9328 --- [seguridadcalidad] [main] c.d.s.SeguridadcalidadApplicationTests   : No active profile set, falling back to 1 default profile: "default"
2026-04-30T21:11:52.888-04:00  INFO 9328 --- [seguridadcalidad] [main] r$InitializeUserDetailsManagerConfigurer : Global AuthenticationManager configured with UserDetailsService bean with name users
2026-04-30T21:11:53.050-04:00  INFO 9328 --- [seguridadcalidad] [main] c.d.s.SeguridadcalidadApplicationTests   : Started SeguridadcalidadApplicationTests in 0.787 seconds (process running for 14.307)
2026-04-30T21:36:08.179-04:00  INFO 10584 --- [seguridadcalidad] [main] c.d.s.InvoiceControllerTests             : Starting InvoiceControllerTests using Java 21.0.7 with PID 10584 (started by Jennifer in C:\Users\Jennifer\Documents\ESTUDIOS\Seguridad\S8\Exp3_S8_Jennifer_Gonzalez\proyecto\cdy2203-2026-201-main)
2026-04-30T21:36:08.184-04:00  INFO 10584 --- [seguridadcalidad] [main] c.d.s.InvoiceControllerTests             : No active profile set, falling back to 1 default profile: "default"
2026-04-30T21:36:10.757-04:00  INFO 10584 --- [seguridadcalidad] [main] r$InitializeUserDetailsManagerConfigurer : Global AuthenticationManager configured with UserDetailsService bean with name users
2026-04-30T21:36:11.724-04:00  INFO 10584 --- [seguridadcalidad] [main] o.s.b.t.m.w.SpringBootMockServletContext : Initializing Spring TestDispatcherServlet ''
2026-04-30T21:36:11.724-04:00  INFO 10584 --- [seguridadcalidad] [main] o.s.t.web.servlet.TestDispatcherServlet  : Initializing Servlet ''
2026-04-30T21:36:11.724-04:00  INFO 10584 --- [seguridadcalidad] [main] o.s.t.web.servlet.TestDispatcherServlet  : Completed initialization in 0 ms
2026-04-30T21:36:11.898-04:00  INFO 10584 --- [seguridadcalidad] [main] c.d.s.InvoiceControllerTests             : Started InvoiceControllerTests in 5.093 seconds (process running for 11.309)
2026-04-30T21:36:12.496-04:00  INFO 10584 --- [seguridadcalidad] [main] t.c.s.AnnotationConfigContextLoaderUtils : Could not detect default configuration classes for test class [com.duoc.seguridadcalidad.SeguridadcalidadApplicationTests]: SeguridadcalidadApplicationTests does not declare any static, non-private, non-final, nested classes annotated with @Configuration.
2026-04-30T21:36:12.500-04:00  INFO 10584 --- [seguridadcalidad] [main] .b.t.c.SpringBootTestContextBootstrapper : Found @SpringBootConfiguration com.duoc.seguridadcalidad.SeguridadcalidadApplication for test class com.duoc.seguridadcalidad.SeguridadcalidadApplicationTests
2026-04-30T21:36:12.500-04:00  INFO 10584 --- [seguridadcalidad] [main] t.c.s.AnnotationConfigContextLoaderUtils : Could not detect default configuration classes for test class [com.duoc.seguridadcalidad.SeguridadcalidadApplicationTests]: SeguridadcalidadApplicationTests does not declare any static, non-private, non-final, nested classes annotated with @Configuration.
2026-04-30T21:36:12.500-04:00  INFO 10584 --- [seguridadcalidad] [main] .b.t.c.SpringBootTestContextBootstrapper : Found @SpringBootConfiguration com.duoc.seguridadcalidad.SeguridadcalidadApplication for test class com.duoc.seguridadcalidad.SeguridadcalidadApplicationTests
2026-04-30T21:36:12.548-04:00  INFO 10584 --- [seguridadcalidad] [main] c.d.s.SeguridadcalidadApplicationTests   : Starting SeguridadcalidadApplicationTests using Java 21.0.7 with PID 10584 (started by Jennifer in C:\Users\Jennifer\Documents\ESTUDIOS\Seguridad\S8\Exp3_S8_Jennifer_Gonzalez\proyecto\cdy2203-2026-201-main)
2026-04-30T21:36:12.548-04:00  INFO 10584 --- [seguridadcalidad] [main] c.d.s.SeguridadcalidadApplicationTests   : No active profile set, falling back to 1 default profile: "default"
2026-04-30T21:36:13.024-04:00  INFO 10584 --- [seguridadcalidad] [main] r$InitializeUserDetailsManagerConfigurer : Global AuthenticationManager configured with UserDetailsService bean with name users
2026-04-30T21:36:13.134-04:00  INFO 10584 --- [seguridadcalidad] [main] c.d.s.SeguridadcalidadApplicationTests   : Started SeguridadcalidadApplicationTests in 0.634 seconds (process running for 12.552)
2026-04-30T21:42:37.607-04:00  INFO 8724 --- [seguridadcalidad] [main] c.d.s.InvoiceControllerTests             : Starting InvoiceControllerTests using Java 21.0.7 with PID 8724 (started by Jennifer in C:\Users\Jennifer\Documents\ESTUDIOS\Seguridad\S8\Exp3_S8_Jennifer_Gonzalez\proyecto\cdy2203-2026-201-main)
2026-04-30T21:42:37.616-04:00  INFO 8724 --- [seguridadcalidad] [main] c.d.s.InvoiceControllerTests             : No active profile set, falling back to 1 default profile: "default"
2026-04-30T21:42:40.002-04:00  INFO 8724 --- [seguridadcalidad] [main] r$InitializeUserDetailsManagerConfigurer : Global AuthenticationManager configured with UserDetailsService bean with name users
2026-04-30T21:42:40.774-04:00  INFO 8724 --- [seguridadcalidad] [main] o.s.b.t.m.w.SpringBootMockServletContext : Initializing Spring TestDispatcherServlet ''
2026-04-30T21:42:40.774-04:00  INFO 8724 --- [seguridadcalidad] [main] o.s.t.web.servlet.TestDispatcherServlet  : Initializing Servlet ''
2026-04-30T21:42:40.776-04:00  INFO 8724 --- [seguridadcalidad] [main] o.s.t.web.servlet.TestDispatcherServlet  : Completed initialization in 2 ms
2026-04-30T21:42:40.916-04:00  INFO 8724 --- [seguridadcalidad] [main] c.d.s.InvoiceControllerTests             : Started InvoiceControllerTests in 4.426 seconds (process running for 12.388)
2026-04-30T21:42:41.434-04:00  INFO 8724 --- [seguridadcalidad] [main] t.c.s.AnnotationConfigContextLoaderUtils : Could not detect default configuration classes for test class [com.duoc.seguridadcalidad.SeguridadcalidadApplicationTests]: SeguridadcalidadApplicationTests does not declare any static, non-private, non-final, nested classes annotated with @Configuration.
2026-04-30T21:42:41.441-04:00  INFO 8724 --- [seguridadcalidad] [main] .b.t.c.SpringBootTestContextBootstrapper : Found @SpringBootConfiguration com.duoc.seguridadcalidad.SeguridadcalidadApplication for test class com.duoc.seguridadcalidad.SeguridadcalidadApplicationTests
2026-04-30T21:42:41.444-04:00  INFO 8724 --- [seguridadcalidad] [main] t.c.s.AnnotationConfigContextLoaderUtils : Could not detect default configuration classes for test class [com.duoc.seguridadcalidad.SeguridadcalidadApplicationTests]: SeguridadcalidadApplicationTests does not declare any static, non-private, non-final, nested classes annotated with @Configuration.
2026-04-30T21:42:41.449-04:00  INFO 8724 --- [seguridadcalidad] [main] .b.t.c.SpringBootTestContextBootstrapper : Found @SpringBootConfiguration com.duoc.seguridadcalidad.SeguridadcalidadApplication for test class com.duoc.seguridadcalidad.SeguridadcalidadApplicationTests
2026-04-30T21:42:41.507-04:00  INFO 8724 --- [seguridadcalidad] [main] c.d.s.SeguridadcalidadApplicationTests   : Starting SeguridadcalidadApplicationTests using Java 21.0.7 with PID 8724 (started by Jennifer in C:\Users\Jennifer\Documents\ESTUDIOS\Seguridad\S8\Exp3_S8_Jennifer_Gonzalez\proyecto\cdy2203-2026-201-main)
2026-04-30T21:42:41.507-04:00  INFO 8724 --- [seguridadcalidad] [main] c.d.s.SeguridadcalidadApplicationTests   : No active profile set, falling back to 1 default profile: "default"
2026-04-30T21:42:41.995-04:00  INFO 8724 --- [seguridadcalidad] [main] r$InitializeUserDetailsManagerConfigurer : Global AuthenticationManager configured with UserDetailsService bean with name users
2026-04-30T21:42:42.146-04:00  INFO 8724 --- [seguridadcalidad] [main] c.d.s.SeguridadcalidadApplicationTests   : Started SeguridadcalidadApplicationTests in 0.687 seconds (process running for 13.618)
2026-04-30T21:46:06.308-04:00  INFO 2064 --- [seguridadcalidad] [main] c.d.s.InvoiceControllerTests             : Starting InvoiceControllerTests using Java 21.0.7 with PID 2064 (started by Jennifer in C:\Users\Jennifer\Documents\ESTUDIOS\Seguridad\S8\Exp3_S8_Jennifer_Gonzalez\proyecto\cdy2203-2026-201-main)
2026-04-30T21:46:06.308-04:00  INFO 2064 --- [seguridadcalidad] [main] c.d.s.InvoiceControllerTests             : No active profile set, falling back to 1 default profile: "default"
2026-04-30T21:46:08.741-04:00  INFO 2064 --- [seguridadcalidad] [main] r$InitializeUserDetailsManagerConfigurer : Global AuthenticationManager configured with UserDetailsService bean with name users
2026-04-30T21:46:09.720-04:00  INFO 2064 --- [seguridadcalidad] [main] o.s.b.t.m.w.SpringBootMockServletContext : Initializing Spring TestDispatcherServlet ''
2026-04-30T21:46:09.720-04:00  INFO 2064 --- [seguridadcalidad] [main] o.s.t.web.servlet.TestDispatcherServlet  : Initializing Servlet ''
2026-04-30T21:46:09.736-04:00  INFO 2064 --- [seguridadcalidad] [main] o.s.t.web.servlet.TestDispatcherServlet  : Completed initialization in 16 ms
2026-04-30T21:46:09.871-04:00  INFO 2064 --- [seguridadcalidad] [main] c.d.s.InvoiceControllerTests             : Started InvoiceControllerTests in 4.52 seconds (process running for 9.934)
2026-04-30T21:46:10.505-04:00  INFO 2064 --- [seguridadcalidad] [main] t.c.s.AnnotationConfigContextLoaderUtils : Could not detect default configuration classes for test class [com.duoc.seguridadcalidad.SeguridadcalidadApplicationTests]: SeguridadcalidadApplicationTests does not declare any static, non-private, non-final, nested classes annotated with @Configuration.
2026-04-30T21:46:10.505-04:00  INFO 2064 --- [seguridadcalidad] [main] .b.t.c.SpringBootTestContextBootstrapper : Found @SpringBootConfiguration com.duoc.seguridadcalidad.SeguridadcalidadApplication for test class com.duoc.seguridadcalidad.SeguridadcalidadApplicationTests
2026-04-30T21:46:10.513-04:00  INFO 2064 --- [seguridadcalidad] [main] t.c.s.AnnotationConfigContextLoaderUtils : Could not detect default configuration classes for test class [com.duoc.seguridadcalidad.SeguridadcalidadApplicationTests]: SeguridadcalidadApplicationTests does not declare any static, non-private, non-final, nested classes annotated with @Configuration.
2026-04-30T21:46:10.515-04:00  INFO 2064 --- [seguridadcalidad] [main] .b.t.c.SpringBootTestContextBootstrapper : Found @SpringBootConfiguration com.duoc.seguridadcalidad.SeguridadcalidadApplication for test class com.duoc.seguridadcalidad.SeguridadcalidadApplicationTests
2026-04-30T21:46:10.572-04:00  INFO 2064 --- [seguridadcalidad] [main] c.d.s.SeguridadcalidadApplicationTests   : Starting SeguridadcalidadApplicationTests using Java 21.0.7 with PID 2064 (started by Jennifer in C:\Users\Jennifer\Documents\ESTUDIOS\Seguridad\S8\Exp3_S8_Jennifer_Gonzalez\proyecto\cdy2203-2026-201-main)
2026-04-30T21:46:10.572-04:00  INFO 2064 --- [seguridadcalidad] [main] c.d.s.SeguridadcalidadApplicationTests   : No active profile set, falling back to 1 default profile: "default"
2026-04-30T21:46:11.081-04:00  INFO 2064 --- [seguridadcalidad] [main] r$InitializeUserDetailsManagerConfigurer : Global AuthenticationManager configured with UserDetailsService bean with name users
2026-04-30T21:46:11.224-04:00  INFO 2064 --- [seguridadcalidad] [main] c.d.s.SeguridadcalidadApplicationTests   : Started SeguridadcalidadApplicationTests in 0.698 seconds (process running for 11.297)
2026-04-30T21:47:11.685-04:00  INFO 26172 --- [seguridadcalidad] [main] c.d.s.InvoiceControllerTests             : Starting InvoiceControllerTests using Java 21.0.7 with PID 26172 (started by Jennifer in C:\Users\Jennifer\Documents\ESTUDIOS\Seguridad\S8\Exp3_S8_Jennifer_Gonzalez\proyecto\cdy2203-2026-201-main)
2026-04-30T21:47:11.685-04:00  INFO 26172 --- [seguridadcalidad] [main] c.d.s.InvoiceControllerTests             : No active profile set, falling back to 1 default profile: "default"
2026-04-30T21:47:14.262-04:00  INFO 26172 --- [seguridadcalidad] [main] r$InitializeUserDetailsManagerConfigurer : Global AuthenticationManager configured with UserDetailsService bean with name users
2026-04-30T21:47:15.349-04:00  INFO 26172 --- [seguridadcalidad] [main] o.s.b.t.m.w.SpringBootMockServletContext : Initializing Spring TestDispatcherServlet ''
2026-04-30T21:47:15.349-04:00  INFO 26172 --- [seguridadcalidad] [main] o.s.t.web.servlet.TestDispatcherServlet  : Initializing Servlet ''
2026-04-30T21:47:15.349-04:00  INFO 26172 --- [seguridadcalidad] [main] o.s.t.web.servlet.TestDispatcherServlet  : Completed initialization in 0 ms
2026-04-30T21:47:15.523-04:00  INFO 26172 --- [seguridadcalidad] [main] c.d.s.InvoiceControllerTests             : Started InvoiceControllerTests in 4.751 seconds (process running for 11.531)
2026-04-30T21:47:16.129-04:00  INFO 26172 --- [seguridadcalidad] [main] t.c.s.AnnotationConfigContextLoaderUtils : Could not detect default configuration classes for test class [com.duoc.seguridadcalidad.SeguridadcalidadApplicationTests]: SeguridadcalidadApplicationTests does not declare any static, non-private, non-final, nested classes annotated with @Configuration.
2026-04-30T21:47:16.131-04:00  INFO 26172 --- [seguridadcalidad] [main] .b.t.c.SpringBootTestContextBootstrapper : Found @SpringBootConfiguration com.duoc.seguridadcalidad.SeguridadcalidadApplication for test class com.duoc.seguridadcalidad.SeguridadcalidadApplicationTests
2026-04-30T21:47:16.133-04:00  INFO 26172 --- [seguridadcalidad] [main] t.c.s.AnnotationConfigContextLoaderUtils : Could not detect default configuration classes for test class [com.duoc.seguridadcalidad.SeguridadcalidadApplicationTests]: SeguridadcalidadApplicationTests does not declare any static, non-private, non-final, nested classes annotated with @Configuration.
2026-04-30T21:47:16.133-04:00  INFO 26172 --- [seguridadcalidad] [main] .b.t.c.SpringBootTestContextBootstrapper : Found @SpringBootConfiguration com.duoc.seguridadcalidad.SeguridadcalidadApplication for test class com.duoc.seguridadcalidad.SeguridadcalidadApplicationTests
2026-04-30T21:47:16.188-04:00  INFO 26172 --- [seguridadcalidad] [main] c.d.s.SeguridadcalidadApplicationTests   : Starting SeguridadcalidadApplicationTests using Java 21.0.7 with PID 26172 (started by Jennifer in C:\Users\Jennifer\Documents\ESTUDIOS\Seguridad\S8\Exp3_S8_Jennifer_Gonzalez\proyecto\cdy2203-2026-201-main)
2026-04-30T21:47:16.188-04:00  INFO 26172 --- [seguridadcalidad] [main] c.d.s.SeguridadcalidadApplicationTests   : No active profile set, falling back to 1 default profile: "default"
2026-04-30T21:47:16.680-04:00  INFO 26172 --- [seguridadcalidad] [main] r$InitializeUserDetailsManagerConfigurer : Global AuthenticationManager configured with UserDetailsService bean with name users
2026-04-30T21:47:16.824-04:00  INFO 26172 --- [seguridadcalidad] [main] c.d.s.SeguridadcalidadApplicationTests   : Started SeguridadcalidadApplicationTests in 0.679 seconds (process running for 12.832)
